hrt_model_exec infer --model_file coord_trial_576x768.bin --input_file test_rgb_u8_chw.bin --enable_dump true --dump_format bin --dump_path dump
I0000 00:00:00.000000  5540 vlog_is_on.cc:197] RAW: Set VLOG level for "*" to 3
[BPU_PLAT]BPU Platform Version(1.3.6)! soc info(x5)
[HBRT] set log level as 0. version = 3.15.55.0
[DNN] Runtime version = 1.24.5_(3.15.55 HBRT)
[A][DNN][packed_model.cpp:247][Model](2026-09-07,18:44:14.19.880) [HorizonRT] The model builder version = 1.24.3
Load model to DDR cost 165.843ms.
I0907 18:44:14.124279  5540 function_util.cpp:106] get model handle success
I0907 18:44:14.124408  5540 function_util.cpp:112] get model input count success
I0907 18:44:14.124451  5540 function_util.cpp:118] get model output count success
I0907 18:44:14.125291  5540 function_util.cpp:150] prepare output tensor success
file length: 1327104
I0907 18:44:14.127085  5540 function_util.cpp:166] read file success!
I0907 18:44:14.127295  5540 function_util.cpp:201] infer success
I0907 18:44:14.135174  5540 function_util.cpp:207] task done

---------------------Frame 0 begin---------------------
Infer time: 7.955 ms
---------------------Frame 0 end---------------------
I0907 18:44:14.135782  5540 function_util.cpp:1386] offset: 0
I0907 18:44:14.135869  5540 function_util.cpp:1387] element_of_num: 1327104
I0907 18:44:14.135934  5540 function_util.cpp:1388] element_of_memsize: 1327104
I0907 18:44:14.144374  5540 function_util.cpp:1421] Dump path: dump/model_infer_input_0_images.bin
I0907 18:44:14.144520  5540 function_util.cpp:1386] offset: 0
I0907 18:44:14.144556  5540 function_util.cpp:1387] element_of_num: 27648
I0907 18:44:14.144586  5540 function_util.cpp:1388] element_of_memsize: 110592
I0907 18:44:14.145256  5540 function_util.cpp:1421] Dump path: dump/model_infer_output_0__model_model.23_cv2.0_cv2.0.2_Conv_output_0.bin
I0907 18:44:14.145323  5540 function_util.cpp:1386] offset: 0
I0907 18:44:14.145358  5540 function_util.cpp:1387] element_of_num: 55296
I0907 18:44:14.145390  5540 function_util.cpp:1388] element_of_memsize: 221184
I0907 18:44:14.146493  5540 function_util.cpp:1421] Dump path: dump/model_infer_output_1__model_model.23_cv4_kpts.0_Conv_output_0.bin
I0907 18:44:14.146559  5540 function_util.cpp:1386] offset: 0
I0907 18:44:14.146592  5540 function_util.cpp:1387] element_of_num: 27648
I0907 18:44:14.146623  5540 function_util.cpp:1388] element_of_memsize: 110592
I0907 18:44:14.147193  5540 function_util.cpp:1421] Dump path: dump/model_infer_output_2__model_model.23_cv3_color.0_cv3_color.0.2_Conv_output_0.bin
I0907 18:44:14.147264  5540 function_util.cpp:1386] offset: 0
I0907 18:44:14.147301  5540 function_util.cpp:1387] element_of_num: 82944
I0907 18:44:14.147331  5540 function_util.cpp:1388] element_of_memsize: 331776
I0907 18:44:14.148826  5540 function_util.cpp:1421] Dump path: dump/model_infer_output_3__model_model.23_cv3_obj.0_cv3_obj.0.2_Conv_output_0.bin
I0907 18:44:14.148881  5540 function_util.cpp:1386] offset: 0
I0907 18:44:14.148914  5540 function_util.cpp:1387] element_of_num: 6912
I0907 18:44:14.148947  5540 function_util.cpp:1388] element_of_memsize: 27648
I0907 18:44:14.149207  5540 function_util.cpp:1421] Dump path: dump/model_infer_output_4__model_model.23_cv2.1_cv2.1.2_Conv_output_0.bin
I0907 18:44:14.149259  5540 function_util.cpp:1386] offset: 0
I0907 18:44:14.149293  5540 function_util.cpp:1387] element_of_num: 13824
I0907 18:44:14.149328  5540 function_util.cpp:1388] element_of_memsize: 55296
I0907 18:44:14.149693  5540 function_util.cpp:1421] Dump path: dump/model_infer_output_5__model_model.23_cv4_kpts.1_Conv_output_0.bin
I0907 18:44:14.149744  5540 function_util.cpp:1386] offset: 0
I0907 18:44:14.149778  5540 function_util.cpp:1387] element_of_num: 6912
I0907 18:44:14.149811  5540 function_util.cpp:1388] element_of_memsize: 27648
I0907 18:44:14.150059  5540 function_util.cpp:1421] Dump path: dump/model_infer_output_6__model_model.23_cv3_color.1_cv3_color.1.2_Conv_output_0.bin
I0907 18:44:14.150115  5540 function_util.cpp:1386] offset: 0
I0907 18:44:14.150149  5540 function_util.cpp:1387] element_of_num: 20736
I0907 18:44:14.150203  5540 function_util.cpp:1388] element_of_memsize: 82944
I0907 18:44:14.150753  5540 function_util.cpp:1421] Dump path: dump/model_infer_output_7__model_model.23_cv3_obj.1_cv3_obj.1.2_Conv_output_0.bin
I0907 18:44:14.150804  5540 function_util.cpp:1386] offset: 0
I0907 18:44:14.150837  5540 function_util.cpp:1387] element_of_num: 1728
I0907 18:44:14.150868  5540 function_util.cpp:1388] element_of_memsize: 6912
I0907 18:44:14.151054  5540 function_util.cpp:1421] Dump path: dump/model_infer_output_8__model_model.23_cv2.2_cv2.2.2_Conv_output_0.bin
I0907 18:44:14.151103  5540 function_util.cpp:1386] offset: 0
I0907 18:44:14.151135  5540 function_util.cpp:1387] element_of_num: 3456
I0907 18:44:14.151165  5540 function_util.cpp:1388] element_of_memsize: 13824
I0907 18:44:14.151377  5540 function_util.cpp:1421] Dump path: dump/model_infer_output_9__model_model.23_cv4_kpts.2_Conv_output_0.bin
I0907 18:44:14.151425  5540 function_util.cpp:1386] offset: 0
I0907 18:44:14.151458  5540 function_util.cpp:1387] element_of_num: 1728
I0907 18:44:14.151489  5540 function_util.cpp:1388] element_of_memsize: 6912
I0907 18:44:14.151655  5540 function_util.cpp:1421] Dump path: dump/model_infer_output_10__model_model.23_cv3_color.2_cv3_color.2.2_Conv_output_0.bin
I0907 18:44:14.151706  5540 function_util.cpp:1386] offset: 0
I0907 18:44:14.151742  5540 function_util.cpp:1387] element_of_num: 5184
I0907 18:44:14.151772  5540 function_util.cpp:1388] element_of_memsize: 20736
I0907 18:44:14.152011  5540 function_util.cpp:1421] Dump path: dump/model_infer_output_11__model_model.23_cv3_obj.2_cv3_obj.2.2_Conv_output_0.bin
