hrt_model_exec model_info --model_file coord_trial_576x768.bin
I0000 00:00:00.000000  5473 vlog_is_on.cc:197] RAW: Set VLOG level for "*" to 3
[BPU_PLAT]BPU Platform Version(1.3.6)! soc info(x5)
[HBRT] set log level as 0. version = 3.15.55.0
[DNN] Runtime version = 1.24.5_(3.15.55 HBRT)
[A][DNN][packed_model.cpp:247][Model](2026-09-07,18:43:45.932.31) [HorizonRT] The model builder version = 1.24.3
Load model to DDR cost 178.097ms.
This model file has 1 model:
[coord_trial_576x768]	
---------------------------------------------------------------------
[model name]: coord_trial_576x768

input[0]: 
name: images
input source: HB_DNN_INPUT_FROM_DDR
valid shape: (1,3,576,768,)
aligned shape: (1,3,576,768,)
aligned byte size: 1327104
tensor type: HB_DNN_IMG_TYPE_RGB
tensor layout: HB_DNN_LAYOUT_NCHW
quanti type: NONE
stride: (1327104,442368,768,1,)

output[0]: 
name: /model/model.23/cv2.0/cv2.0.2/Conv_output_0
valid shape: (1,4,72,96,)
aligned shape: (1,4,72,96,)
aligned byte size: 110592
tensor type: HB_DNN_TENSOR_TYPE_F32
tensor layout: HB_DNN_LAYOUT_NCHW
quanti type: NONE
stride: (110592,27648,384,4,)

output[1]: 
name: /model/model.23/cv4_kpts.0/Conv_output_0
valid shape: (1,8,72,96,)
aligned shape: (1,8,72,96,)
aligned byte size: 221184
tensor type: HB_DNN_TENSOR_TYPE_F32
tensor layout: HB_DNN_LAYOUT_NCHW
quanti type: NONE
stride: (221184,27648,384,4,)

output[2]: 
name: /model/model.23/cv3_color.0/cv3_color.0.2/Conv_output_0
valid shape: (1,4,72,96,)
aligned shape: (1,4,72,96,)
aligned byte size: 110592
tensor type: HB_DNN_TENSOR_TYPE_F32
tensor layout: HB_DNN_LAYOUT_NCHW
quanti type: NONE
stride: (110592,27648,384,4,)

output[3]: 
name: /model/model.23/cv3_obj.0/cv3_obj.0.2/Conv_output_0
valid shape: (1,12,72,96,)
aligned shape: (1,12,72,96,)
aligned byte size: 331776
tensor type: HB_DNN_TENSOR_TYPE_F32
tensor layout: HB_DNN_LAYOUT_NCHW
quanti type: NONE
stride: (331776,27648,384,4,)

output[4]: 
name: /model/model.23/cv2.1/cv2.1.2/Conv_output_0
valid shape: (1,4,36,48,)
aligned shape: (1,4,36,48,)
aligned byte size: 27648
tensor type: HB_DNN_TENSOR_TYPE_F32
tensor layout: HB_DNN_LAYOUT_NCHW
quanti type: NONE
stride: (27648,6912,192,4,)

output[5]: 
name: /model/model.23/cv4_kpts.1/Conv_output_0
valid shape: (1,8,36,48,)
aligned shape: (1,8,36,48,)
aligned byte size: 55296
tensor type: HB_DNN_TENSOR_TYPE_F32
tensor layout: HB_DNN_LAYOUT_NCHW
quanti type: NONE
stride: (55296,6912,192,4,)

output[6]: 
name: /model/model.23/cv3_color.1/cv3_color.1.2/Conv_output_0
valid shape: (1,4,36,48,)
aligned shape: (1,4,36,48,)
aligned byte size: 27648
tensor type: HB_DNN_TENSOR_TYPE_F32
tensor layout: HB_DNN_LAYOUT_NCHW
quanti type: NONE
stride: (27648,6912,192,4,)

output[7]: 
name: /model/model.23/cv3_obj.1/cv3_obj.1.2/Conv_output_0
valid shape: (1,12,36,48,)
aligned shape: (1,12,36,48,)
aligned byte size: 82944
tensor type: HB_DNN_TENSOR_TYPE_F32
tensor layout: HB_DNN_LAYOUT_NCHW
quanti type: NONE
stride: (82944,6912,192,4,)

output[8]: 
name: /model/model.23/cv2.2/cv2.2.2/Conv_output_0
valid shape: (1,4,18,24,)
aligned shape: (1,4,18,24,)
aligned byte size: 6912
tensor type: HB_DNN_TENSOR_TYPE_F32
tensor layout: HB_DNN_LAYOUT_NCHW
quanti type: NONE
stride: (6912,1728,96,4,)

output[9]: 
name: /model/model.23/cv4_kpts.2/Conv_output_0
valid shape: (1,8,18,24,)
aligned shape: (1,8,18,24,)
aligned byte size: 13824
tensor type: HB_DNN_TENSOR_TYPE_F32
tensor layout: HB_DNN_LAYOUT_NCHW
quanti type: NONE
stride: (13824,1728,96,4,)

output[10]: 
name: /model/model.23/cv3_color.2/cv3_color.2.2/Conv_output_0
valid shape: (1,4,18,24,)
aligned shape: (1,4,18,24,)
aligned byte size: 6912
tensor type: HB_DNN_TENSOR_TYPE_F32
tensor layout: HB_DNN_LAYOUT_NCHW
quanti type: NONE
stride: (6912,1728,96,4,)

output[11]: 
name: /model/model.23/cv3_obj.2/cv3_obj.2.2/Conv_output_0
valid shape: (1,12,18,24,)
aligned shape: (1,12,18,24,)
aligned byte size: 20736
tensor type: HB_DNN_TENSOR_TYPE_F32
tensor layout: HB_DNN_LAYOUT_NCHW
quanti type: NONE
stride: (20736,1728,96,4,)

---------------------------------------------------------------------

