hrt_model_exec perf --model_file coord_trial_576x768.bin --input_file test_rgb_u8_chw.bin --frame_count 200 --thread_num 1
I0000 00:00:00.000000  5563 vlog_is_on.cc:197] RAW: Set VLOG level for "*" to 3
[BPU_PLAT]BPU Platform Version(1.3.6)! soc info(x5)
[HBRT] set log level as 0. version = 3.15.55.0
[DNN] Runtime version = 1.24.5_(3.15.55 HBRT)
[A][DNN][packed_model.cpp:247][Model](2026-09-07,18:44:15.313.165) [HorizonRT] The model builder version = 1.24.3
Load model to DDR cost 165.675ms.
I0907 18:44:15.423363  5563 function_util.cpp:323] get model handle success
I0907 18:44:15.423488  5563 function_util.cpp:656] get model input count success
file length: 1327104
I0907 18:44:15.425272  5563 tensor_util.cpp:194] read file success!
I0907 18:44:15.425345  5563 function_util.cpp:687] prepare input tensor success!
I0907 18:44:15.425383  5563 function_util.cpp:697] get model output count success
Frame count: 200,  Thread Average: 8.166760 ms,  thread max latency: 9.380000 ms,  thread min latency: 4.920000 ms,  FPS: 121.993919

Running condition:
  Thread number is: 1
  Frame count   is: 200
  Program run time: 1639.716000 ms
Perf result:
  Frame totally latency is: 1633.352173 ms
  Average    latency    is: 8.166760 ms
  Frame      rate       is: 121.972342 FPS
