hrt_model_exec infer --model_file coord_trial_576x768.bin --input_file positive_rgb_s8_chw.bin --enable_dump true --dump_format bin --dump_path positive_signed_dump
I0000 00:00:00.000000  6051 vlog_is_on.cc:197] RAW: Set VLOG level for "*" to 3
[BPU_PLAT]BPU Platform Version(1.3.6)! soc info(x5)
[HBRT] set log level as 0. version = 3.15.55.0
[DNN] Runtime version = 1.24.5_(3.15.55 HBRT)
[A][DNN][packed_model.cpp:247][Model](2026-09-07,18:46:06.981.101) [HorizonRT] The model builder version = 1.24.3
Load model to DDR cost 135.565ms.
I0907 18:46:07.053066  6051 function_util.cpp:106] get model handle success
I0907 18:46:07.053165  6051 function_util.cpp:112] get model input count success
I0907 18:46:07.053195  6051 function_util.cpp:118] get model output count success
I0907 18:46:07.053854  6051 function_util.cpp:150] prepare output tensor success
file length: 1327104
I0907 18:46:07.055385  6051 function_util.cpp:166] read file success!
I0907 18:46:07.055584  6051 function_util.cpp:201] infer success
I0907 18:46:07.061831  6051 function_util.cpp:207] task done

---------------------Frame 0 begin---------------------
Infer time: 6.313 ms
---------------------Frame 0 end---------------------
I0907 18:46:07.062148  6051 function_util.cpp:1386] offset: 0
I0907 18:46:07.062189  6051 function_util.cpp:1387] element_of_num: 1327104
I0907 18:46:07.062224  6051 function_util.cpp:1388] element_of_memsize: 1327104
I0907 18:46:07.068605  6051 function_util.cpp:1421] Dump path: positive_signed_dump/model_infer_input_0_images.bin
I0907 18:46:07.068755  6051 function_util.cpp:1386] offset: 0
I0907 18:46:07.068791  6051 function_util.cpp:1387] element_of_num: 27648
I0907 18:46:07.068825  6051 function_util.cpp:1388] element_of_memsize: 110592
I0907 18:46:07.069509  6051 function_util.cpp:1421] Dump path: positive_signed_dump/model_infer_output_0__model_model.23_cv2.0_cv2.0.2_Conv_output_0.bin
I0907 18:46:07.069579  6051 function_util.cpp:1386] offset: 0
I0907 18:46:07.069613  6051 function_util.cpp:1387] element_of_num: 55296
I0907 18:46:07.069645  6051 function_util.cpp:1388] element_of_memsize: 221184
I0907 18:46:07.070657  6051 function_util.cpp:1421] Dump path: positive_signed_dump/model_infer_output_1__model_model.23_cv4_kpts.0_Conv_output_0.bin
I0907 18:46:07.070715  6051 function_util.cpp:1386] offset: 0
I0907 18:46:07.070747  6051 function_util.cpp:1387] element_of_num: 27648
I0907 18:46:07.070781  6051 function_util.cpp:1388] element_of_memsize: 110592
I0907 18:46:07.071352  6051 function_util.cpp:1421] Dump path: positive_signed_dump/model_infer_output_2__model_model.23_cv3_color.0_cv3_color.0.2_Conv_output_0.bin
I0907 18:46:07.071424  6051 function_util.cpp:1386] offset: 0
I0907 18:46:07.071460  6051 function_util.cpp:1387] element_of_num: 82944
I0907 18:46:07.071492  6051 function_util.cpp:1388] element_of_memsize: 331776
I0907 18:46:07.072929  6051 function_util.cpp:1421] Dump path: positive_signed_dump/model_infer_output_3__model_model.23_cv3_obj.0_cv3_obj.0.2_Conv_output_0.bin
I0907 18:46:07.072983  6051 function_util.cpp:1386] offset: 0
I0907 18:46:07.073016  6051 function_util.cpp:1387] element_of_num: 6912
I0907 18:46:07.073045  6051 function_util.cpp:1388] element_of_memsize: 27648
I0907 18:46:07.073304  6051 function_util.cpp:1421] Dump path: positive_signed_dump/model_infer_output_4__model_model.23_cv2.1_cv2.1.2_Conv_output_0.bin
I0907 18:46:07.073357  6051 function_util.cpp:1386] offset: 0
I0907 18:46:07.073391  6051 function_util.cpp:1387] element_of_num: 13824
I0907 18:46:07.073422  6051 function_util.cpp:1388] element_of_memsize: 55296
I0907 18:46:07.073814  6051 function_util.cpp:1421] Dump path: positive_signed_dump/model_infer_output_5__model_model.23_cv4_kpts.1_Conv_output_0.bin
I0907 18:46:07.073864  6051 function_util.cpp:1386] offset: 0
I0907 18:46:07.073896  6051 function_util.cpp:1387] element_of_num: 6912
I0907 18:46:07.073927  6051 function_util.cpp:1388] element_of_memsize: 27648
I0907 18:46:07.074186  6051 function_util.cpp:1421] Dump path: positive_signed_dump/model_infer_output_6__model_model.23_cv3_color.1_cv3_color.1.2_Conv_output_0.bin
I0907 18:46:07.074262  6051 function_util.cpp:1386] offset: 0
I0907 18:46:07.074297  6051 function_util.cpp:1387] element_of_num: 20736
I0907 18:46:07.074328  6051 function_util.cpp:1388] element_of_memsize: 82944
I0907 18:46:07.074832  6051 function_util.cpp:1421] Dump path: positive_signed_dump/model_infer_output_7__model_model.23_cv3_obj.1_cv3_obj.1.2_Conv_output_0.bin
I0907 18:46:07.074882  6051 function_util.cpp:1386] offset: 0
I0907 18:46:07.074915  6051 function_util.cpp:1387] element_of_num: 1728
I0907 18:46:07.074945  6051 function_util.cpp:1388] element_of_memsize: 6912
I0907 18:46:07.075119  6051 function_util.cpp:1421] Dump path: positive_signed_dump/model_infer_output_8__model_model.23_cv2.2_cv2.2.2_Conv_output_0.bin
I0907 18:46:07.075170  6051 function_util.cpp:1386] offset: 0
I0907 18:46:07.075202  6051 function_util.cpp:1387] element_of_num: 3456
I0907 18:46:07.075232  6051 function_util.cpp:1388] element_of_memsize: 13824
I0907 18:46:07.075450  6051 function_util.cpp:1421] Dump path: positive_signed_dump/model_infer_output_9__model_model.23_cv4_kpts.2_Conv_output_0.bin
I0907 18:46:07.075500  6051 function_util.cpp:1386] offset: 0
I0907 18:46:07.075531  6051 function_util.cpp:1387] element_of_num: 1728
I0907 18:46:07.075562  6051 function_util.cpp:1388] element_of_memsize: 6912
I0907 18:46:07.075789  6051 function_util.cpp:1421] Dump path: positive_signed_dump/model_infer_output_10__model_model.23_cv3_color.2_cv3_color.2.2_Conv_output_0.bin
I0907 18:46:07.075845  6051 function_util.cpp:1386] offset: 0
I0907 18:46:07.075878  6051 function_util.cpp:1387] element_of_num: 5184
I0907 18:46:07.075909  6051 function_util.cpp:1388] element_of_memsize: 20736
I0907 18:46:07.076141  6051 function_util.cpp:1421] Dump path: positive_signed_dump/model_infer_output_11__model_model.23_cv3_obj.2_cv3_obj.2.2_Conv_output_0.bin
