2026-09-07 23:06:34,646 [92mINFO[0m log will be stored in /workspace/quant/hb_mapper_makertbin.log
2026-09-07 23:06:34,650 [92mINFO[0m Start hb_mapper....
2026-09-07 23:06:34,650 [92mINFO[0m hbdk version 3.49.15
2026-09-07 23:06:34,650 [92mINFO[0m horizon_nn version 1.1.0
2026-09-07 23:06:34,650 [92mINFO[0m hb_mapper version 1.24.3
2026-09-07 23:06:34,650 [92mINFO[0m Start Model Convert....
2026-09-07 23:06:34,652 [92mINFO[0m Using onnx model file: /workspace/data/onnx/rp_0526_norm.onnx
2026-09-07 23:06:34,660 [92mINFO[0m Model has 1 inputs according to model file
2026-09-07 23:06:34,660 [92mINFO[0m The calibration dir name suffix is the same as the value uint8 of the cal_data_type parameter and will be read with the value of cal_data_type.
2026-09-07 23:06:34,660 [92mINFO[0m custom_op does not exist, skipped
2026-09-07 23:06:34,660 [93mWARNING[0m Input node images's input_source not set, it will be set to ddr by default
2026-09-07 23:06:34,661 [92mINFO[0m *******************************************
2026-09-07 23:06:34,661 [92mINFO[0m First calibration picture name: images_0000.bin
2026-09-07 23:06:34,662 [92mINFO[0m First calibration picture md5:
5fd0d5187823c7a9b8a4b19b12af5af2  /workspace/data/horizon_x5/data/calibration_data_640_u8/images/images_0000.bin
2026-09-07 23:06:34,665 [92mINFO[0m *******************************************
2026-09-07 23:06:35,540 [92mINFO[0m Start to Horizon NN Model Convert.
2026-09-07 23:06:35,548 [92mINFO[0m Loading horizon_nn debug methods:set()
2026-09-07 23:06:35,549 [92mINFO[0m The activation calibration parameters:
    calibration_type:     ['max', 'kl']
    max_percentile:       [0.99995, 1.0]
    per_channel:          [True, False]
    asymmetric:           [True, False]
The modelwise search parameters:
    similarity:           0.995
    metric:               cosine-similarity
2026-09-07 23:06:35,549 [92mINFO[0m The specified model compilation architecture: bayes-e.
2026-09-07 23:06:35,549 [92mINFO[0m The specified model compilation optimization parameters: [].
2026-09-07 23:06:35,549 [92mINFO[0m Start to prepare the onnx model.
2026-09-07 23:06:35,556 [92mINFO[0m Input ONNX Model Information:
ONNX IR version:          6
Opset version:            ['ai.onnx v11', 'horizon v1']
Producer:                 pytorch v2.0.1
Domain:                   None
Version:                  None
Graph input:
    images:               shape=[1, 3, 640, 640], dtype=FLOAT32
Graph output:
    output:               shape=[1, 25200, 22], dtype=FLOAT32
2026-09-07 23:06:35,694 [92mINFO[0m End to prepare the onnx model.
2026-09-07 23:06:35,703 [92mINFO[0m Saving model to: rp0526_640x640_original_float_model.onnx.
2026-09-07 23:06:35,703 [92mINFO[0m Start to optimize the onnx model.
2026-09-07 23:06:35,897 [92mINFO[0m End to optimize the onnx model.
2026-09-07 23:06:35,904 [92mINFO[0m Saving model to: rp0526_640x640_optimized_float_model.onnx.
2026-09-07 23:06:35,904 [92mINFO[0m Start to calibrate the model.
2026-09-07 23:06:35,969 [92mINFO[0m There are 200 samples in the data set.
2026-09-07 23:06:35,970 [92mINFO[0m Run calibration model with modelwise search method.
2026-09-07 23:06:36,084 [92mINFO[0m Calibration using batch 8
calibration in progress:   0%|          | 0/25 [00:00<?, ?it/s]2026-09-07 23:06:38.736798958 [E:onnxruntime:, sequential_executor.cc:183 Execute] Non-zero status code returned while running Reshape node. Name:'/m/model.24/Mul_2/m/model.24/Mul_2_output_0_transpose_Reshape_0' Status Message: /home/jenkins/agent/workspace/model_convert_hmct1_ut_cpu_1.1.0/onnxruntime/onnxruntime/core/providers/cpu/tensor/reshape_helper.h:43 onnxruntime::ReshapeHelper::ReshapeHelper(const onnxruntime::TensorShape&, std::vector<long int>&) gsl::narrow_cast<int64_t>(input_shape.Size()) == size was false. The input tensor cannot be reshaped to the requested shape. Input shape:{8,66,20,20}, requested shape:{1,3,22,20,20}

calibration in progress:   0%|          | 0/25 [00:02<?, ?it/s]
2026-09-07 23:06:38,737 [92mINFO[0m Reset batch_size=1 and execute forward again...
calibration in progress:   0%|          | 0/200 [00:00<?, ?it/s]2026-09-07 23:06:39.594125070 [E:onnxruntime:, sequential_executor.cc:183 Execute] Non-zero status code returned while running Clip node. Name:'kpt_clip' Status Message: /home/jenkins/agent/workspace/model_convert_hmct1_ut_cpu_1.1.0/onnxruntime/onnxruntime/core/providers/cpu/math/clip.h:50 onnxruntime::common::Status onnxruntime::Clip<T>::Compute(onnxruntime::OpKernelContext*) const [with T = float] min->Shape().NumDimensions() == 0 was false. min should be a scalar.

calibration in progress:   0%|          | 0/200 [00:00<?, ?it/s]
2026-09-07 23:06:39,600 [91mERROR[0m *** ERROR-OCCUR-DURING {horizon_nn.build_onnx} ***, error message: [ONNXRuntimeError] : 6 : RUNTIME_EXCEPTION : Non-zero status code returned while running Clip node. Name:'kpt_clip' Status Message: /home/jenkins/agent/workspace/model_convert_hmct1_ut_cpu_1.1.0/onnxruntime/onnxruntime/core/providers/cpu/math/clip.h:50 onnxruntime::common::Status onnxruntime::Clip<T>::Compute(onnxruntime::OpKernelContext*) const [with T = float] min->Shape().NumDimensions() == 0 was false. min should be a scalar.
2026-09-07 23:06:39,603 [92mINFO[0m End to calibrate the model.
2026-09-07 23:06:39,603 [92mINFO[0m End to Horizon NN Model Convert.
